[@@@ocaml.ppwarning "Fields are not sorted!"]
type t = {
  b: int ;
  a: int }
