let () = Caml.Printf.printf "%s\n" "Truc.Bidule" 
