File "fail03.ml", line 1, characters 15-19:
Error: Attribute `blah' was not used.
Hint: `blah' is available for type declarations but is used here in the
context of a core type.
Did you put it at the wrong level?
